打开 28 play 页 (10274 = 斗罗大陆H5 / 黄金魂环)...
play 页文本:  欢迎665094722 | 切换账号 | 选择小号进入游戏  | 添加小号 | 【修改】  | 进入游戏 
点击「进入游戏」...
clicked a:has-text("进入游戏")
点击后 URL: https://www.28zhe.com/index.php?ac=play&id=10274&aid=4689470&t=1008
未捕获服列表。页面文本: 隐藏 | 刷新 | 返回
浏览器保持打开，可手动游玩。
打开 28 play 页 (10274 = 斗罗大陆H5 / 黄金魂环)...
点击「进入游戏」...
clicked a:has-text("进入游戏")
引擎 iframe: https://applyapi.600uu.com/h5game/newshangjing/entrance?gid=917&ctype=newshangjing&sdkVersionCode=1.4.3&wcgameid=3490&wchannelCode=189&age=22&authentication=yes&avatar=https%3A%2F%2Foss.28zhe.com%2Fimages%2Favatar_no.gif&gameId=10274&signType=md5&time=1783958394&uid=4689470&userName=665094722&userSex=no&sign=8cffc9f8bda66da4ad58ef44dc70a608
直接加载引擎页(顶层)...
引擎页 URL: https://applyapi.600uu.com/h5game/newshangjing/entrance?gid=917&ctype=newshangjing&sdkVersionCode=1.4.3&wcgameid=3490&wchannelCode=189&age=22&authentication=yes&avatar=https%3A%2F%2Foss.28zhe.com%2Fimages%2Favatar_no.gif&gameId=10274&signType=md5&time=1783958394&uid=4689470&userName=665094722&userSex=no&sign=8cffc9f8bda66da4ad58ef44dc70a608
截图 -> _engine.png
引擎页文本: 
DONE (已退出)
打开 28 play 页 (10274 = 斗罗大陆H5 / 黄金魂环)...
点击「进入游戏」...
clicked a:has-text("进入游戏")
引擎 iframe: https://applyapi.600uu.com/h5game/newshangjing/entrance?gid=917&ctype=newshangjing&sdkVersionCode=1.4.3&wcgameid=3490&wchannelCode=189&age=22&authentication=yes&avatar=https%3A%2F%2Foss.28zhe.com%2Fimages%2Favatar_no.gif&gameId=10274&signType=md5&time=1783958712&uid=4689470&userName=665094722&userSex=no&sign=cafc476bf06f83e0a0672188b4127ef6
直接加载引擎页(顶层)...
引擎页 URL: https://applyapi.600uu.com/h5game/newshangjing/entrance?gid=917&ctype=newshangjing&sdkVersionCode=1.4.3&wcgameid=3490&wchannelCode=189&age=22&authentication=yes&avatar=https%3A%2F%2Foss.28zhe.com%2Fimages%2Favatar_no.gif&gameId=10274&signType=md5&time=1783958712&uid=4689470&userName=665094722&userSex=no&sign=cafc476bf06f83e0a0672188b4127ef6
截图 -> _engine.png
引擎页文本: 
保持打开，可游玩。关闭浏览器窗口即结束。
